// Jest Snapshot v1, https://goo.gl/fbAQLP

exports[`testing app should match snapshot 1`] = `
<body>
  <div>
    <div
      class="MuiPaper-root MuiCard-root MuiPaper-elevation1 MuiPaper-rounded"
      style="margin: 0.25rem;"
    >
      <div
        class="MuiCardContent-root"
        style="display: flex; flex-direction: column;"
      >
        <div
          class="MuiCardMedia-root"
          style="background-image: url(undefined/123@4x.png); width: 100%; height: 120px; background-size: contain;"
        />
        <p
          class="MuiTypography-root MuiTypography-body1"
        >
          <strong>
            today at 3:30 PM
          </strong>
        </p>
        <span
          class="MuiTypography-root MuiTypography-caption"
        >
          Temperature: 
          60.1
           ℉
        </span>
        <span
          class="MuiTypography-root MuiTypography-caption"
        >
          Feels like: 
          65.7
           ℉
        </span>
        <span
          class="MuiTypography-root MuiTypography-caption"
        >
          Humidity: 
          60.1
          %
        </span>
      </div>
    </div>
  </div>
</body>
`;
